一月 31, 2016 2:28:33 下午 org.springframework.context.support.AbstractApplicationContext prepareRefresh
信息: Refreshing org.springframework.context.support.ClassPathXmlApplicationContext@258361f6: startup date [Sun Jan 31 14:28:33 CST 2016]; root of context hierarchy
一月 31, 2016 2:28:34 下午 org.springframework.beans.factory.xml.XmlBeanDefinitionReader loadBeanDefinitions
信息: Loading XML bean definitions from class path resource [applicationContext.xml]
一月 31, 2016 2:28:35 下午 org.springframework.beans.factory.xml.XmlBeanDefinitionReader loadBeanDefinitions
信息: Loading XML bean definitions from class path resource [application-scheduling.xml]
一月 31, 2016 2:28:36 下午 org.springframework.core.io.support.PropertiesLoaderSupport loadProperties
信息: Loading properties file from class path resource [jdbc.properties]
[GC 204800K->14950K(3989504K), 0.0700640 secs]
一月 31, 2016 2:28:40 下午 com.mongodb.diagnostics.logging.SLF4JLogger info
信息: Cluster created with settings {hosts=[192.168.1.11:8000], mode=SINGLE, requiredClusterType=UNKNOWN, serverSelectionTimeout='30000 ms', maxWaitQueueSize=500}
一月 31, 2016 2:28:40 下午 com.mongodb.diagnostics.logging.SLF4JLogger info
信息: Opened connection [connectionId{localValue:1, serverValue:2780}] to 192.168.1.11:8000
一月 31, 2016 2:28:40 下午 com.mongodb.diagnostics.logging.SLF4JLogger info
信息: Monitor thread successfully connected to server with description ServerDescription{address=192.168.1.11:8000, type=STANDALONE, state=CONNECTED, ok=true, version=ServerVersion{versionList=[3, 0, 1]}, minWireVersion=0, maxWireVersion=3, maxDocumentSize=16777216, roundTripTimeNanos=1010990}
一月 31, 2016 2:28:41 下午 org.springframework.scheduling.quartz.SchedulerAccessor <init>
信息: Spring's Quartz 1.x support is deprecated - please upgrade to Quartz 2.0+
一月 31, 2016 2:28:41 下午 org.quartz.impl.StdSchedulerFactory instantiate
信息: Using default implementation for ThreadExecutor
一月 31, 2016 2:28:41 下午 org.quartz.core.SchedulerSignalerImpl <init>
信息: Initialized Scheduler Signaller of type: class org.quartz.core.SchedulerSignalerImpl
一月 31, 2016 2:28:41 下午 org.quartz.core.QuartzScheduler <init>
信息: Quartz Scheduler v.1.8.6 created.
一月 31, 2016 2:28:41 下午 org.quartz.simpl.RAMJobStore initialize
信息: RAMJobStore initialized.
一月 31, 2016 2:28:41 下午 org.quartz.core.QuartzScheduler initialize
信息: Scheduler meta-data: Quartz Scheduler (v1.8.6) 'taskScheduler' with instanceId 'NON_CLUSTERED'
  Scheduler class: 'org.quartz.core.QuartzScheduler' - running locally.
  NOT STARTED.
  Currently in standby mode.
  Number of jobs executed: 0
  Using thread pool 'org.quartz.simpl.SimpleThreadPool' - with 10 threads.
  Using job-store 'org.quartz.simpl.RAMJobStore' - which does not support persistence. and is not clustered.

一月 31, 2016 2:28:41 下午 org.quartz.impl.StdSchedulerFactory instantiate
信息: Quartz scheduler 'taskScheduler' initialized from an externally provided properties instance.
一月 31, 2016 2:28:41 下午 org.quartz.impl.StdSchedulerFactory instantiate
信息: Quartz scheduler version: 1.8.6
一月 31, 2016 2:28:41 下午 org.quartz.core.QuartzScheduler setJobFactory
信息: JobFactory set to: org.springframework.scheduling.quartz.AdaptableJobFactory@61ea5137
一月 31, 2016 2:28:41 下午 org.springframework.context.support.DefaultLifecycleProcessor$LifecycleGroup start
信息: Starting beans in phase 2147483647
一月 31, 2016 2:28:41 下午 org.springframework.scheduling.quartz.SchedulerFactoryBean startScheduler
信息: Starting Quartz Scheduler now
一月 31, 2016 2:28:41 下午 org.quartz.core.QuartzScheduler start
信息: Scheduler taskScheduler_$_NON_CLUSTERED started.
[GC 219750K->23032K(3989504K), 0.0386500 secs]
[GC 227832K->22986K(3989504K), 0.0263320 secs]
一月 31, 2016 2:28:44 下午 com.mongodb.diagnostics.logging.SLF4JLogger info
信息: Opened connection [connectionId{localValue:2, serverValue:2781}] to 192.168.1.11:8000
账号服务器链接..成功！
一月 31, 2016 2:28:44 下午 org.mortbay.log.Slf4jLog info
信息: Logging to org.slf4j.impl.JDK14LoggerAdapter(org.mortbay.log) via org.mortbay.log.Slf4jLog
一月 31, 2016 2:28:44 下午 org.mortbay.log.Slf4jLog info
信息: jetty-6.1.26
一月 31, 2016 2:28:44 下午 org.mortbay.log.Slf4jLog info
信息: Started SelectChannelConnector@0.0.0.0:6660
游戏世界服务器启动...
login time:11秒
load str2value.properties ...
收到数据：Type:1 SubType:3, UTF-8:CN, UTF-8:dandandao, int:1500
[GC 227786K->33139K(3989504K), 0.0333350 secs]
[GC 237939K->28305K(3989504K), 0.0277630 secs]
[GC 233105K->26772K(3989504K), 0.0278230 secs]
[GC 231572K->26945K(3989504K), 0.0244650 secs]
[GC 231745K->26988K(3989504K), 0.0248780 secs]
[GC 231788K->26999K(3989504K), 0.0254630 secs]
[GC 231799K->27002K(3989504K), 0.0262220 secs]
[GC 231802K->25264K(3989504K), 0.0259750 secs]
[GC 230064K->26426K(3989504K), 0.0246950 secs]
[GC 231226K->26859K(3989504K), 0.0236290 secs]
[GC 231659K->24719K(3989504K), 0.0252060 secs]
[GC 229519K->26994K(3989504K), 0.0298370 secs]
[GC 231794K->31000K(3989504K), 0.0546400 secs]
[GC 235800K->25506K(3989504K), 0.0341860 secs]
[GC 230306K->21935K(3989504K), 0.0240720 secs]
[GC 226735K->21267K(3989504K), 0.0292220 secs]
[GC 226067K->19944K(3989504K), 0.0100900 secs]
[GC 224744K->19717K(3989504K), 0.0278440 secs]
[GC 224517K->19634K(3989504K), 0.0292510 secs]
[GC 224434K->19620K(3989504K), 0.0103660 secs]
[GC 224420K->19622K(3989504K), 0.0106110 secs]
[GC 224422K->19620K(3989504K), 0.0102670 secs]
[GC 224420K->19620K(3989504K), 0.0106630 secs]
[GC 224420K->19620K(3989504K), 0.0191370 secs]
[GC 224420K->19620K(3989504K), 0.0303860 secs]
[GC 224420K->19618K(3989504K), 0.0350240 secs]
收到数据：Type:1 SubType:3, UTF-8:CN, UTF-8:dandandao, int:1500
[GC 224418K->19654K(3989504K), 0.0103670 secs]
[GC 224454K->19636K(3989504K), 0.0337170 secs]
[GC 224436K->19639K(3989504K), 0.0101230 secs]
[GC 224439K->19632K(3989504K), 0.0281260 secs]
[GC 224432K->19634K(3989504K), 0.0161750 secs]
[GC 224434K->19640K(3989504K), 0.0118240 secs]
[GC 224440K->19634K(3989504K), 0.0333330 secs]
[GC 224434K->19634K(3989504K), 0.0156260 secs]
[GC 224434K->19634K(3989504K), 0.0286550 secs]
[GC 224434K->19632K(3989504K), 0.0283290 secs]
[GC 224432K->19636K(3989504K), 0.0170320 secs]
[GC 224436K->19632K(3989504K), 0.0140210 secs]
[GC 224432K->19632K(3989504K), 0.0113750 secs]
[GC 224432K->19635K(3989504K), 0.0161670 secs]
[GC 224435K->19632K(3989504K), 0.0282230 secs]
[GC 224432K->19636K(3989504K), 0.0127800 secs]
[GC 224436K->19636K(3989504K), 0.0169800 secs]
[GC 224436K->19634K(3989504K), 0.0163190 secs]
[GC 224434K->19634K(3989504K), 0.0289500 secs]
[GC 224434K->19632K(3989504K), 0.0248580 secs]
[GC 224432K->19636K(3989504K), 0.0164640 secs]
[GC 224436K->19634K(3989504K), 0.0165380 secs]
[GC 224434K->19634K(3989504K), 0.0134670 secs]
[GC 224434K->19636K(3989504K), 0.0179950 secs]
[GC 224436K->19634K(3989504K), 0.0241500 secs]
[GC 224434K->19634K(3989504K), 0.0123910 secs]
[GC 224434K->19634K(3989504K), 0.0116780 secs]
[GC 224434K->19632K(3989504K), 0.0206530 secs]
[GC 224432K->19636K(3989504K), 0.0162110 secs]
[GC 224436K->19632K(3989504K), 0.0129920 secs]
[GC 224432K->19634K(3989504K), 0.0166260 secs]
[GC 224434K->19634K(3989504K), 0.0160880 secs]
[GC 224434K->19634K(3989504K), 0.0198790 secs]
[GC 224434K->19823K(3989504K), 0.0137770 secs]
[GC 224623K->19811K(3989504K), 0.0109300 secs]
[GC 224611K->19822K(3989504K), 0.0186340 secs]
[GC 224622K->19828K(3989504K), 0.0189680 secs]
[GC 224628K->19831K(3989504K), 0.0108780 secs]
[GC 224631K->19870K(3989504K), 0.0119290 secs]
[GC 224670K->20016K(3989504K), 0.0274150 secs]
[GC 224816K->20005K(3989504K), 0.0105350 secs]
[GC 224805K->20032K(3989504K), 0.0298470 secs]
[GC 224832K->19975K(3989504K), 0.0104860 secs]
[GC 224775K->20119K(3989504K), 0.0165930 secs]
[GC 224919K->20048K(3989504K), 0.0171680 secs]
[GC 224848K->20116K(3989504K), 0.0161890 secs]
[GC 224916K->19964K(3989504K), 0.0162260 secs]
[GC 224764K->20067K(3989504K), 0.0277290 secs]
[GC 224867K->20082K(3989504K), 0.0129990 secs]
[GC 224882K->20016K(3989504K), 0.0136020 secs]
[GC 224816K->19978K(3989504K), 0.0156660 secs]
[GC 224778K->19977K(3989504K), 0.0101680 secs]
[GC 224777K->19991K(3989504K), 0.0099840 secs]
[GC 224791K->19990K(3989504K), 0.0099900 secs]
[GC 224790K->19993K(3989504K), 0.0277550 secs]
[GC 224793K->19943K(3989504K), 0.0103510 secs]
[GC 224743K->19939K(3989504K), 0.0105150 secs]
[GC 224739K->19939K(3989504K), 0.0155670 secs]
[GC 224739K->19939K(3989504K), 0.0098770 secs]
[GC 224739K->19938K(3989504K), 0.0135220 secs]
[GC 224738K->19938K(3989504K), 0.0103350 secs]
[GC 224738K->19936K(3989504K), 0.0283190 secs]
[GC 224736K->19940K(3989504K), 0.0098360 secs]
[GC 224740K->19938K(3989504K), 0.0103070 secs]
[GC 224738K->19938K(3989504K), 0.0122060 secs]
[GC 224738K->19936K(3989504K), 0.0099440 secs]
[GC 224736K->19938K(3989504K), 0.0193480 secs]
[GC 224738K->19948K(3989504K), 0.0129820 secs]
[GC 224748K->19946K(3989504K), 0.0221260 secs]
[GC 224746K->19944K(3989504K), 0.0118250 secs]
[GC 224744K->19942K(3989504K), 0.0253240 secs]
[GC 224742K->19940K(3989504K), 0.0157230 secs]
[GC 224740K->19940K(3989504K), 0.0097520 secs]
[GC 224740K->19942K(3989504K), 0.0154970 secs]
[GC 224742K->19946K(3989504K), 0.0120650 secs]
[GC 224746K->19940K(3989504K), 0.0291560 secs]
[GC 224740K->19940K(3989504K), 0.0101810 secs]
[GC 224740K->19940K(3989504K), 0.0101860 secs]
[GC 224740K->19940K(3989504K), 0.0160720 secs]
[GC 224740K->19942K(3989504K), 0.0154160 secs]
[GC 224742K->19940K(3989504K), 0.0276430 secs]
[GC 224740K->19942K(3989504K), 0.0098020 secs]
[GC 224742K->19939K(3989504K), 0.0275790 secs]
[GC 224739K->19939K(3989504K), 0.0129650 secs]
[GC 224739K->19941K(3989504K), 0.0100840 secs]
[GC 224741K->19939K(3989504K), 0.0107300 secs]
[GC 224739K->19937K(3989504K), 0.0098770 secs]
[GC 224737K->19941K(3989504K), 0.0262490 secs]
[GC 224741K->19937K(3989504K), 0.0279160 secs]
[GC 224737K->19937K(3989504K), 0.0157080 secs]
[GC 224737K->19941K(3989504K), 0.0104450 secs]
[GC 224741K->19937K(3989504K), 0.0158440 secs]
[GC 224737K->19941K(3989504K), 0.0101260 secs]
[GC 224741K->19939K(3989504K), 0.0231390 secs]
[GC 224739K->19937K(3989504K), 0.0110630 secs]
[GC 224737K->19937K(3989504K), 0.0192630 secs]
[GC 224737K->19939K(3989504K), 0.0124530 secs]
[GC 224739K->19939K(3989504K), 0.0272800 secs]
[GC 224739K->19939K(3989504K), 0.0222390 secs]
[GC 224739K->19939K(3989504K), 0.0146660 secs]
[GC 224739K->19939K(3989504K), 0.0098340 secs]
[GC 224739K->19937K(3989504K), 0.0157330 secs]
[GC 224737K->19939K(3989504K), 0.0274060 secs]
[GC 224739K->19939K(3989504K), 0.0281060 secs]
[GC 224739K->19939K(3989504K), 0.0098110 secs]
[GC 224739K->19939K(3989504K), 0.0097410 secs]
[GC 224739K->19939K(3989504K), 0.0171130 secs]
[GC 224739K->19937K(3989504K), 0.0241410 secs]
[GC 224737K->19939K(3989504K), 0.0174070 secs]
[GC 224739K->19941K(3989504K), 0.0126930 secs]
[GC 224741K->19947K(3989504K), 0.0154070 secs]
[GC 224747K->19943K(3989504K), 0.0155420 secs]
[GC 224743K->19941K(3989504K), 0.0101600 secs]
[GC 224741K->19941K(3989504K), 0.0277520 secs]
[GC 224741K->19943K(3989504K), 0.0165520 secs]
[GC 224743K->19941K(3989504K), 0.0119940 secs]
[GC 224741K->19945K(3989504K), 0.0129900 secs]
[GC 224745K->19943K(3989504K), 0.0224140 secs]
[GC 224743K->19943K(3989504K), 0.0130140 secs]
[GC 224743K->19945K(3989504K), 0.0133960 secs]
[GC 224745K->19941K(3989504K), 0.0100510 secs]
[GC 224741K->19943K(3989504K), 0.0099910 secs]
[GC 224743K->19941K(3989504K), 0.0100380 secs]
[GC 224741K->19941K(3989504K), 0.0100290 secs]
[GC 224741K->19943K(3989504K), 0.0124950 secs]
[GC 224743K->19942K(3989504K), 0.0199280 secs]
[GC 224742K->19938K(3989504K), 0.0098140 secs]
[GC 224738K->19940K(3989504K), 0.0097810 secs]
[GC 224740K->19938K(3989504K), 0.0097810 secs]
[GC 224738K->19940K(3989504K), 0.0102500 secs]
[GC 224740K->19940K(3989504K), 0.0216280 secs]
[GC 224740K->19940K(3989504K), 0.0157790 secs]
[GC 224740K->19940K(3989504K), 0.0115560 secs]
[GC 224740K->19940K(3989504K), 0.0191530 secs]
[GC 224740K->19940K(3989504K), 0.0183010 secs]
[GC 224740K->19938K(3989504K), 0.0097190 secs]
[GC 224738K->19940K(3989504K), 0.0276660 secs]
[GC 224740K->19942K(3989504K), 0.0097280 secs]
[GC 224742K->19938K(3989504K), 0.0230770 secs]
[GC 224738K->19940K(3989504K), 0.0117750 secs]
[GC 224740K->19942K(3989504K), 0.0210770 secs]
[GC 224742K->19940K(3989504K), 0.0219870 secs]
[GC 224740K->19938K(3989504K), 0.0159950 secs]
[GC 224738K->19942K(3989504K), 0.0163500 secs]
[GC 224742K->19940K(3989504K), 0.0101000 secs]
[GC 224740K->19942K(3989504K), 0.0102330 secs]
[GC 224742K->19938K(3989504K), 0.0257060 secs]
[GC 224738K->19942K(3989504K), 0.0172640 secs]
[GC 224742K->19942K(3989504K), 0.0102960 secs]
[GC 224742K->19940K(3989504K), 0.0164700 secs]
[GC 224740K->19938K(3989504K), 0.0098740 secs]
[GC 224738K->19938K(3989504K), 0.0120140 secs]
[GC 224738K->19940K(3989504K), 0.0168410 secs]
[GC 224740K->19938K(3989504K), 0.0272590 secs]
[GC 224738K->19940K(3989504K), 0.0150240 secs]
[GC 224740K->19938K(3989504K), 0.0099860 secs]
[GC 224738K->19940K(3989504K), 0.0237290 secs]
[GC 224740K->19936K(3989504K), 0.0156730 secs]
[GC 224736K->19938K(3989504K), 0.0102960 secs]
[GC 224738K->19942K(3989504K), 0.0287590 secs]
[GC 224742K->19940K(3989504K), 0.0220450 secs]
[GC 224740K->19942K(3989504K), 0.0108530 secs]
[GC 224742K->19940K(3989504K), 0.0181500 secs]
[GC 224740K->19942K(3989504K), 0.0159920 secs]
[GC 224742K->19940K(3989504K), 0.0103120 secs]
[GC 224740K->19940K(3989504K), 0.0156430 secs]
[GC 224740K->19942K(3989504K), 0.0146340 secs]
[GC 224742K->19942K(3989504K), 0.0191150 secs]
[GC 224742K->19942K(3989504K), 0.0204660 secs]
[GC 224742K->19938K(3989504K), 0.0100960 secs]
[GC 224738K->19974K(3989504K), 0.0158710 secs]
[GC 224774K->19970K(3989504K), 0.0098830 secs]
[GC 224770K->19970K(3989504K), 0.0100320 secs]
[GC 224770K->19978K(3989504K), 0.0162520 secs]
[GC 224778K->19971K(3989504K), 0.0164380 secs]
[GC 224771K->19982K(3989504K), 0.0277440 secs]
[GC 224782K->19968K(3989504K), 0.0163000 secs]
[GC 224768K->19977K(3989504K), 0.0256640 secs]
[GC 224777K->19978K(3989504K), 0.0254810 secs]
[GC 224778K->19980K(3989504K), 0.0241400 secs]
[GC 224780K->19983K(3989504K), 0.0183700 secs]
[GC 224783K->19969K(3989504K), 0.0104030 secs]
[GC 224769K->19982K(3989504K), 0.0156480 secs]
[GC 224782K->19972K(3989504K), 0.0098410 secs]
[GC 224772K->19972K(3989504K), 0.0232250 secs]
[GC 224772K->19979K(3989504K), 0.0098540 secs]
[GC 224779K->19975K(3989504K), 0.0161130 secs]
[GC 224775K->19973K(3989504K), 0.0157670 secs]
[GC 224773K->19979K(3989504K), 0.0140050 secs]
[GC 224779K->19973K(3989504K), 0.0269080 secs]
[GC 224773K->19973K(3989504K), 0.0154490 secs]
[GC 224773K->19973K(3989504K), 0.0154860 secs]
[GC 224773K->19970K(3989504K), 0.0157070 secs]
[GC 224770K->19972K(3989504K), 0.0154490 secs]
[GC 224772K->19974K(3989504K), 0.0156900 secs]
[GC 224774K->19970K(3989504K), 0.0270500 secs]
[GC 224770K->19972K(3989504K), 0.0137640 secs]
[GC 224772K->19970K(3989504K), 0.0244420 secs]
[GC 224770K->19970K(3989504K), 0.0111480 secs]
[GC 224770K->19968K(3989504K), 0.0126140 secs]
[GC 224768K->19970K(3989504K), 0.0098290 secs]
[GC 224770K->19972K(3989504K), 0.0125580 secs]
[GC 224772K->19970K(3989504K), 0.0101780 secs]
[GC 224770K->19970K(3989504K), 0.0148460 secs]
[GC 224770K->19972K(3989504K), 0.0156000 secs]
[GC 224772K->19974K(3989504K), 0.0157900 secs]
[GC 224774K->19972K(3989504K), 0.0170350 secs]
[GC 224772K->19970K(3989504K), 0.0164840 secs]
[GC 224770K->19972K(3989504K), 0.0100620 secs]
[GC 224772K->19970K(3989504K), 0.0097030 secs]
[GC 224770K->19972K(3989504K), 0.0161120 secs]
[GC 224772K->19972K(3989504K), 0.0259480 secs]
[GC 224772K->19972K(3989504K), 0.0105150 secs]
[GC 224772K->19972K(3989504K), 0.0097520 secs]
[GC 224772K->19972K(3989504K), 0.0274340 secs]
[GC 224772K->19972K(3989504K), 0.0105420 secs]
[GC 224772K->19972K(3989504K), 0.0162890 secs]
[GC 224772K->19972K(3989504K), 0.0163220 secs]
[GC 224772K->19972K(3989504K), 0.0193840 secs]
[GC 224772K->19970K(3989504K), 0.0158680 secs]
[GC 224770K->19972K(3989504K), 0.0205340 secs]
[GC 224772K->19972K(3989504K), 0.0157610 secs]
[GC 224772K->19972K(3989504K), 0.0100560 secs]
[GC 224772K->19974K(3989504K), 0.0207420 secs]
[GC 224774K->19974K(3989504K), 0.0098690 secs]
[GC 224774K->19970K(3989504K), 0.0157690 secs]
[GC 224770K->19972K(3989504K), 0.0101640 secs]
[GC 224772K->19972K(3989504K), 0.0158910 secs]
[GC 224772K->19970K(3989504K), 0.0103560 secs]
[GC 224770K->19972K(3989504K), 0.0134880 secs]
[GC 224772K->19972K(3989504K), 0.0121780 secs]
[GC 224772K->19970K(3989504K), 0.0195820 secs]
[GC 224770K->19974K(3989504K), 0.0118160 secs]
[GC 224774K->19972K(3989504K), 0.0158650 secs]
[GC 224772K->19972K(3989504K), 0.0193780 secs]
[GC 224772K->19974K(3989504K), 0.0120270 secs]
[GC 224774K->19972K(3989504K), 0.0155780 secs]
[GC 224772K->19972K(3989504K), 0.0175600 secs]
[GC 224772K->19974K(3989504K), 0.0225590 secs]
[GC 224774K->19974K(3989504K), 0.0156950 secs]
[GC 224774K->19972K(3989504K), 0.0159360 secs]
[GC 224772K->19972K(3989504K), 0.0116510 secs]
[GC 224772K->19970K(3989504K), 0.0158950 secs]
[GC 224770K->19972K(3989504K), 0.0203530 secs]
[GC 224772K->19976K(3989504K), 0.0169580 secs]
[GC 224776K->19974K(3989504K), 0.0103970 secs]
[GC 224774K->19976K(3989504K), 0.0125680 secs]
[GC 224776K->19976K(3989504K), 0.0137880 secs]
[GC 224776K->19974K(3989504K), 0.0156440 secs]
[GC 224774K->19974K(3989504K), 0.0280400 secs]
[GC 224774K->19976K(3989504K), 0.0113450 secs]
[GC 224776K->19974K(3989504K), 0.0143710 secs]
[GC 224774K->19974K(3989504K), 0.0098960 secs]
[GC 224774K->19976K(3989504K), 0.0327590 secs]
[GC 224776K->19976K(3989504K), 0.0105940 secs]
[GC 224776K->19978K(3989504K), 0.0136750 secs]
[GC 224778K->19974K(3989504K), 0.0114830 secs]
[GC 224774K->19980K(3989504K), 0.0256310 secs]
[GC 224780K->19976K(3989504K), 0.0166690 secs]
[GC 224776K->19973K(3989504K), 0.0102000 secs]
[GC 224773K->19973K(3989504K), 0.0099090 secs]
[GC 224773K->19971K(3989504K), 0.0100140 secs]
[GC 224771K->19971K(3989504K), 0.0153950 secs]
[GC 224771K->19969K(3989504K), 0.0276620 secs]
[GC 224769K->19973K(3989504K), 0.0097030 secs]
[GC 224773K->19973K(3989504K), 0.0192660 secs]
[GC 224773K->19973K(3989504K), 0.0171780 secs]
[GC 224773K->19975K(3989504K), 0.0202960 secs]
[GC 224775K->19973K(3989504K), 0.0159770 secs]
[GC 224773K->19975K(3989504K), 0.0157090 secs]
[GC 224775K->19975K(3989504K), 0.0157020 secs]
[GC 224775K->19975K(3989504K), 0.0165300 secs]
[GC 224775K->19975K(3989504K), 0.0104690 secs]
[GC 224775K->19975K(3989504K), 0.0102200 secs]
[GC 224775K->19973K(3989504K), 0.0103210 secs]
[GC 224773K->19973K(3989504K), 0.0156410 secs]
[GC 224773K->19973K(3989504K), 0.0134330 secs]
[GC 224773K->19977K(3989504K), 0.0102520 secs]
[GC 224777K->19971K(3989504K), 0.0113310 secs]
[GC 224771K->19975K(3989504K), 0.0166230 secs]
[GC 224775K->19973K(3989504K), 0.0210730 secs]
[GC 224773K->19975K(3989504K), 0.0202180 secs]
[GC 224775K->19973K(3989504K), 0.0262170 secs]
[GC 224773K->19973K(3989504K), 0.0154370 secs]
[GC 224773K->19971K(3989504K), 0.0154660 secs]
[GC 224771K->19971K(3989504K), 0.0273000 secs]
[GC 224771K->19971K(3989504K), 0.0155900 secs]
[GC 224771K->19975K(3989504K), 0.0272530 secs]
[GC 224775K->19971K(3989504K), 0.0161300 secs]
[GC 224771K->19973K(3989504K), 0.0105600 secs]
[GC 224773K->19973K(3989504K), 0.0196780 secs]
[GC 224773K->19973K(3989504K), 0.0159550 secs]
[GC 224773K->19973K(3989504K), 0.0156310 secs]
[GC 224773K->19971K(3989504K), 0.0097790 secs]
[GC 224771K->19975K(3989504K), 0.0096440 secs]
收到数据：Type:1 SubType:10, int:1, UTF-8:192.168.1.80
收到数据：Type:2 SubType:2, UTF-8:abc1, UTF-8:123456, UTF-8:1.0.0.0, int:0, UTF-8:htc, UTF-8:Andro, UTF-8:1.0.0.1
收到数据：Type:1 SubType:8, int:116, UTF-8:abc1, UTF-8:12, int:0, int:0, int:0
[GC 224775K->20177K(3989504K), 0.0166320 secs]
收到数据：Type:2 SubType:8, UTF-8:abc1, int:1, UTF-8:--, UTF-8:--, UTF-8:--
收到数据：Type:6 SubType:5, int array num:1 data: 5
收到数据：Type:15 SubType:1
一月 31, 2016 2:34:18 下午 com.mongodb.diagnostics.logging.SLF4JLogger info
信息: Opened connection [connectionId{localValue:3, serverValue:2782}] to 192.168.1.11:8000
[GC 224977K->20721K(3989504K), 0.0289820 secs]
[GC 225521K->20701K(3989504K), 0.0194600 secs]
[GC 225501K->20567K(3989504K), 0.0143040 secs]
[GC 225367K->20400K(3989504K), 0.0162850 secs]
[GC 225200K->20437K(3989504K), 0.0157990 secs]
[GC 225237K->20441K(3989504K), 0.0275700 secs]
[GC 225241K->20476K(3989504K), 0.0105730 secs]
[GC 225276K->20382K(3989504K), 0.0279810 secs]
[GC 225182K->20365K(3989504K), 0.0206520 secs]
[GC 225165K->20490K(3989504K), 0.0162480 secs]
[GC 225290K->20462K(3989504K), 0.0161110 secs]
[GC 225262K->20428K(3989504K), 0.0159990 secs]
[GC 225228K->20443K(3989504K), 0.0145630 secs]
[GC 225243K->20455K(3989504K), 0.0105530 secs]
[GC 225255K->20377K(3989504K), 0.0115160 secs]
[GC 225177K->20421K(3989504K), 0.0169960 secs]
[GC 225221K->20355K(3989504K), 0.0173540 secs]
[GC 225155K->20344K(3989504K), 0.0213860 secs]
[GC 225144K->20336K(3989504K), 0.0166750 secs]
[GC 225136K->20335K(3989504K), 0.0107150 secs]
[GC 225135K->20339K(3989504K), 0.0166440 secs]
[GC 225139K->20343K(3989504K), 0.0298180 secs]
[GC 225143K->20335K(3989504K), 0.0104370 secs]
[GC 225135K->20358K(3989504K), 0.0282380 secs]
[GC 225158K->20338K(3989504K), 0.0293220 secs]
[GC 225138K->20336K(3989504K), 0.0168160 secs]
[GC 225136K->20338K(3989504K), 0.0285960 secs]
[GC 225138K->20338K(3989504K), 0.0193950 secs]
[GC 225138K->20340K(3989504K), 0.0159610 secs]
[GC 225140K->20332K(3989504K), 0.0108470 secs]
[GC 225132K->20332K(3989504K), 0.0162350 secs]
[GC 225132K->20334K(3989504K), 0.0297200 secs]
[GC 225134K->20332K(3989504K), 0.0176390 secs]
[GC 225132K->20334K(3989504K), 0.0158540 secs]
[GC 225134K->20334K(3989504K), 0.0165350 secs]
[GC 225134K->20332K(3989504K), 0.0248950 secs]
[GC 225132K->20332K(3989504K), 0.0172980 secs]
[GC 225132K->20332K(3989504K), 0.0284900 secs]
[GC 225132K->20332K(3989504K), 0.0241810 secs]
[GC 225132K->20334K(3989504K), 0.0145550 secs]
[GC 225134K->20330K(3989504K), 0.0124200 secs]
[GC 225130K->20334K(3989504K), 0.0147910 secs]
[GC 225134K->20334K(3989504K), 0.0171740 secs]
[GC 225134K->20334K(3989504K), 0.0291730 secs]
[GC 225134K->20334K(3989504K), 0.0214870 secs]
[GC 225134K->20334K(3989504K), 0.0125090 secs]
[GC 225134K->20334K(3989504K), 0.0175740 secs]
[GC 225134K->20332K(3989504K), 0.0167800 secs]
[GC 225132K->20330K(3989504K), 0.0160710 secs]
[GC 225130K->20334K(3989504K), 0.0263610 secs]
[GC 225134K->20332K(3989504K), 0.0270970 secs]
[GC 225132K->20334K(3989504K), 0.0283980 secs]
[GC 225134K->20334K(3989504K), 0.0230890 secs]
[GC 225134K->20332K(3989504K), 0.0169580 secs]
[GC 225132K->20332K(3989504K), 0.0132950 secs]
[GC 225132K->20334K(3989504K), 0.0109180 secs]
[GC 225134K->20332K(3989504K), 0.0192110 secs]
[GC 225132K->20334K(3989504K), 0.0173890 secs]
[GC 225134K->20330K(3989504K), 0.0196230 secs]
[GC 225130K->20332K(3989504K), 0.0110310 secs]
[GC 225132K->20332K(3989504K), 0.0109310 secs]
[GC 225132K->20332K(3989504K), 0.0195850 secs]
[GC 225132K->20334K(3989504K), 0.0299790 secs]
[GC 225134K->20332K(3989504K), 0.0108840 secs]
[GC 225132K->20334K(3989504K), 0.0136920 secs]
[GC 225134K->20334K(3989504K), 0.0168310 secs]
[GC 225134K->20332K(3989504K), 0.0267010 secs]
[GC 225132K->20332K(3989504K), 0.0146580 secs]
[GC 225132K->20332K(3989504K), 0.0164780 secs]
[GC 225132K->20330K(3989504K), 0.0287900 secs]
[GC 225130K->20330K(3989504K), 0.0223260 secs]
[GC 225130K->20332K(3989504K), 0.0285180 secs]
[GC 225132K->20332K(3989504K), 0.0172800 secs]
[GC 225132K->20332K(3989504K), 0.0281630 secs]
[GC 225132K->20330K(3989504K), 0.0168420 secs]
[GC 225130K->20332K(3989504K), 0.0125080 secs]
[GC 225132K->20330K(3989504K), 0.0174930 secs]
[GC 225130K->20332K(3989504K), 0.0167490 secs]
[GC 225132K->20330K(3989504K), 0.0108500 secs]
[GC 225130K->20334K(3989504K), 0.0204880 secs]
[GC 225134K->20338K(3989504K), 0.0124850 secs]
[GC 225138K->20336K(3989504K), 0.0179880 secs]
[GC 225136K->20336K(3989504K), 0.0170120 secs]
[GC 225136K->20334K(3989504K), 0.0124000 secs]
[GC 225134K->20336K(3989504K), 0.0113590 secs]
[GC 225136K->20338K(3989504K), 0.0285120 secs]
[GC 225138K->20334K(3989504K), 0.0167290 secs]
[GC 225134K->20338K(3989504K), 0.0108150 secs]
[GC 225138K->20336K(3989504K), 0.0128050 secs]
[GC 225136K->20336K(3989504K), 0.0173480 secs]
[GC 225136K->20334K(3989504K), 0.0176000 secs]
[GC 225134K->20337K(3989504K), 0.0175670 secs]
[GC 225137K->20338K(3989504K), 0.0134000 secs]
[GC 225138K->20334K(3989504K), 0.0107380 secs]
[GC 225134K->20331K(3989504K), 0.0184450 secs]
[GC 225131K->20333K(3989504K), 0.0174170 secs]
[GC 225133K->20335K(3989504K), 0.0108440 secs]
[GC 225135K->20333K(3989504K), 0.0107440 secs]
[GC 225133K->20335K(3989504K), 0.0140220 secs]
[GC 225135K->20333K(3989504K), 0.0166710 secs]
[GC 225133K->20333K(3989504K), 0.0109420 secs]
[GC 225133K->20331K(3989504K), 0.0136720 secs]
[GC 225131K->20333K(3989504K), 0.0283820 secs]
[GC 225133K->20333K(3989504K), 0.0168920 secs]
[GC 225133K->20335K(3989504K), 0.0210570 secs]
[GC 225135K->20335K(3989504K), 0.0108920 secs]
[GC 225135K->20333K(3989504K), 0.0189750 secs]
[GC 225133K->20333K(3989504K), 0.0146000 secs]
[GC 225133K->20335K(3989504K), 0.0159800 secs]
[GC 225135K->20335K(3989504K), 0.0168600 secs]
[GC 225135K->20335K(3989504K), 0.0135760 secs]
[GC 225135K->20333K(3989504K), 0.0277600 secs]
[GC 225133K->20335K(3989504K), 0.0200670 secs]
[GC 225135K->20333K(3989504K), 0.0165570 secs]
[GC 225133K->20333K(3989504K), 0.0109870 secs]
[GC 225133K->20333K(3989504K), 0.0169760 secs]
[GC 225133K->20333K(3989504K), 0.0129590 secs]
[GC 225133K->20333K(3989504K), 0.0177850 secs]
[GC 225133K->20331K(3989504K), 0.0165970 secs]
[GC 225131K->20333K(3989504K), 0.0181350 secs]
[GC 225133K->20331K(3989504K), 0.0154870 secs]
[GC 225131K->20335K(3989504K), 0.0285160 secs]
[GC 225135K->20331K(3989504K), 0.0228920 secs]
[GC 225131K->20331K(3989504K), 0.0172450 secs]
[GC 225131K->20335K(3989504K), 0.0163020 secs]
[GC 225135K->20335K(3989504K), 0.0155840 secs]
[GC 225135K->20333K(3989504K), 0.0172880 secs]
[GC 225133K->20333K(3989504K), 0.0128590 secs]
[GC 225133K->20333K(3989504K), 0.0201770 secs]
[GC 225133K->20331K(3989504K), 0.0213170 secs]
[GC 225131K->20335K(3989504K), 0.0190700 secs]
[GC 225135K->20333K(3989504K), 0.0191860 secs]
[GC 225133K->20335K(3989504K), 0.0132570 secs]
[GC 225135K->20333K(3989504K), 0.0170100 secs]
[GC 225133K->20333K(3989504K), 0.0157960 secs]
[GC 225133K->20333K(3989504K), 0.0223830 secs]
[GC 225133K->20331K(3989504K), 0.0110010 secs]
[GC 225131K->20335K(3989504K), 0.0143340 secs]
[GC 225135K->20331K(3989504K), 0.0250190 secs]
[GC 225131K->20367K(3989504K), 0.0156870 secs]
[GC 225167K->20365K(3989504K), 0.0204750 secs]
[GC 225165K->20549K(3989504K), 0.0300790 secs]
[GC 225349K->20564K(3989504K), 0.0274020 secs]
[GC 225364K->20555K(3989504K), 0.0166850 secs]
[GC 225355K->20600K(3989504K), 0.0107510 secs]
[GC 225400K->20534K(3989504K), 0.0158250 secs]
[GC 225334K->20562K(3989504K), 0.0178000 secs]
[GC 225362K->20547K(3989504K), 0.0184090 secs]
[GC 225347K->20565K(3989504K), 0.0215090 secs]
[GC 225365K->20566K(3989504K), 0.0119340 secs]
[GC 225366K->20535K(3989504K), 0.0108070 secs]
[GC 225335K->20562K(3989504K), 0.0170660 secs]
[GC 225362K->20599K(3989504K), 0.0160810 secs]
[GC 225399K->20541K(3989504K), 0.0282960 secs]
[GC 225341K->20567K(3989504K), 0.0259700 secs]
[GC 225367K->20533K(3989504K), 0.0182400 secs]
[GC 225333K->20549K(3989504K), 0.0125370 secs]
[GC 225349K->20506K(3989504K), 0.0279590 secs]
[GC 225306K->20506K(3989504K), 0.0279040 secs]
[GC 225306K->20500K(3989504K), 0.0281850 secs]
[GC 225300K->20499K(3989504K), 0.0166050 secs]
[GC 225299K->20501K(3989504K), 0.0282060 secs]
[GC 225301K->20501K(3989504K), 0.0125920 secs]
[GC 225301K->20499K(3989504K), 0.0137140 secs]
[GC 225299K->20499K(3989504K), 0.0145460 secs]
[GC 225299K->20499K(3989504K), 0.0194490 secs]
[GC 225299K->20499K(3989504K), 0.0201530 secs]
[GC 225299K->20497K(3989504K), 0.0102510 secs]
收到数据：Type:1 SubType:9, int:1
1=--closed----------
[GC 225297K->21210K(3989504K), 0.0291290 secs]
[GC 226010K->20955K(3989504K), 0.0124210 secs]
[GC 225755K->20950K(3989504K), 0.0277900 secs]
[GC 225750K->21016K(3989504K), 0.0180030 secs]
收到数据：Type:1 SubType:3, UTF-8:CN, UTF-8:dandandao, int:1500
[GC 225816K->20943K(3989504K), 0.0101960 secs]
[GC 225743K->21115K(3989504K), 0.0159390 secs]
[GC 225915K->20978K(3989504K), 0.0154810 secs]
[GC 225778K->20950K(3989504K), 0.0102740 secs]
[GC 225750K->21034K(3989504K), 0.0107060 secs]
[GC 225834K->20971K(3989504K), 0.0102180 secs]
[GC 225771K->21016K(3989504K), 0.0165910 secs]
[GC 225816K->20894K(3989504K), 0.0103200 secs]
[GC 225694K->21058K(3989504K), 0.0164860 secs]
[GC 225858K->20960K(3989504K), 0.0143270 secs]
[GC 225760K->20924K(3989504K), 0.0104450 secs]
[GC 225724K->21086K(3989504K), 0.0161110 secs]
[GC 225886K->20919K(3989504K), 0.0252570 secs]
[GC 225719K->20871K(3989504K), 0.0093100 secs]
[GC 225671K->20871K(3989504K), 0.0100050 secs]
[GC 225671K->20876K(3989504K), 0.0123350 secs]
[GC 225676K->20868K(3989504K), 0.0162310 secs]
[GC 225668K->21050K(3989504K), 0.0101270 secs]
[GC 225850K->21074K(3989504K), 0.0176910 secs]
[GC 225874K->21016K(3989504K), 0.0095680 secs]
[GC 225816K->21027K(3989504K), 0.0104800 secs]
[GC 225827K->21065K(3989504K), 0.0168320 secs]
[GC 225865K->21046K(3989504K), 0.0215430 secs]
[GC 225846K->21072K(3989504K), 0.0174210 secs]
[GC 225872K->21010K(3989504K), 0.0097300 secs]
[GC 225810K->21048K(3989504K), 0.0098770 secs]
[GC 225848K->21016K(3989504K), 0.0105940 secs]
[GC 225816K->21087K(3989504K), 0.0271460 secs]
[GC 225887K->21121K(3989504K), 0.0149880 secs]
[GC 225921K->21051K(3989504K), 0.0105800 secs]
[GC 225851K->21101K(3989504K), 0.0138270 secs]
[GC 225901K->21112K(3989504K), 0.0191670 secs]
[GC 225912K->21054K(3989504K), 0.0180670 secs]
[GC 225854K->21037K(3989504K), 0.0103110 secs]
[GC 225837K->21028K(3989504K), 0.0145460 secs]
[GC 225828K->21034K(3989504K), 0.0162470 secs]
[GC 225834K->21041K(3989504K), 0.0145120 secs]
[GC 225841K->21034K(3989504K), 0.0125680 secs]
[GC 225834K->21045K(3989504K), 0.0156710 secs]
[GC 225845K->21028K(3989504K), 0.0098270 secs]
[GC 225828K->21031K(3989504K), 0.0166280 secs]
[GC 225831K->21040K(3989504K), 0.0280810 secs]
[GC 225840K->21047K(3989504K), 0.0285220 secs]
[GC 225847K->21033K(3989504K), 0.0100800 secs]
[GC 225833K->21035K(3989504K), 0.0279560 secs]
[GC 225835K->21035K(3989504K), 0.0100960 secs]
[GC 225835K->21039K(3989504K), 0.0121480 secs]
[GC 225839K->21035K(3989504K), 0.0118780 secs]
[GC 225835K->21039K(3989504K), 0.0099940 secs]
[GC 225839K->21041K(3989504K), 0.0164400 secs]
[GC 225841K->21037K(3989504K), 0.0150840 secs]
[GC 225837K->21041K(3989504K), 0.0280340 secs]
[GC 225841K->21039K(3989504K), 0.0153390 secs]
[GC 225839K->21035K(3989504K), 0.0159400 secs]
[GC 225835K->21035K(3989504K), 0.0106980 secs]
[GC 225835K->21039K(3989504K), 0.0253620 secs]
[GC 225839K->21035K(3989504K), 0.0164650 secs]
[GC 225835K->21039K(3989504K), 0.0140150 secs]
[GC 225839K->21035K(3989504K), 0.0098690 secs]
[GC 225835K->21039K(3989504K), 0.0158980 secs]
[GC 225839K->21066K(3989504K), 0.0100480 secs]
[GC 225866K->21066K(3989504K), 0.0103920 secs]
[GC 225865K->21075K(3989504K), 0.0159350 secs]
[GC 225875K->21077K(3989504K), 0.0151990 secs]
[GC 225877K->21067K(3989504K), 0.0124550 secs]
[GC 225867K->21063K(3989504K), 0.0165480 secs]
[GC 225863K->21073K(3989504K), 0.0130640 secs]
[GC 225873K->21067K(3989504K), 0.0288850 secs]
[GC 225867K->21073K(3989504K), 0.0164940 secs]
[GC 225873K->21070K(3989504K), 0.0118110 secs]
[GC 225870K->21068K(3989504K), 0.0165620 secs]
[GC 225868K->21070K(3989504K), 0.0128700 secs]
[GC 225870K->21079K(3989504K), 0.0173580 secs]
[GC 225879K->21065K(3989504K), 0.0230400 secs]
[GC 225865K->21073K(3989504K), 0.0199990 secs]
[GC 225873K->21072K(3989504K), 0.0174180 secs]
[GC 225872K->21063K(3989504K), 0.0167820 secs]
[GC 225863K->21071K(3989504K), 0.0226720 secs]
[GC 225871K->21065K(3989504K), 0.0278580 secs]
[GC 225865K->21065K(3989504K), 0.0295290 secs]
[GC 225865K->21070K(3989504K), 0.0196060 secs]
[GC 225870K->21069K(3989504K), 0.0296690 secs]
[GC 225869K->21069K(3989504K), 0.0110540 secs]
[GC 225869K->21067K(3989504K), 0.0111770 secs]
[GC 225867K->21071K(3989504K), 0.0167000 secs]
[GC 225871K->21067K(3989504K), 0.0169660 secs]
[GC 225867K->21069K(3989504K), 0.0288470 secs]
[GC 225869K->21067K(3989504K), 0.0123290 secs]
[GC 225867K->21071K(3989504K), 0.0200710 secs]
[GC 225871K->21063K(3989504K), 0.0171180 secs]
[GC 225863K->21065K(3989504K), 0.0164900 secs]
[GC 225865K->21069K(3989504K), 0.0293970 secs]
[GC 225869K->21259K(3989504K), 0.0134030 secs]
[GC 226059K->21271K(3989504K), 0.0443760 secs]
[GC 226071K->21230K(3989504K), 0.0375750 secs]
[GC 226030K->21272K(3989504K), 0.0194340 secs]
[GC 226072K->21232K(3989504K), 0.0255750 secs]
[GC 226032K->21235K(3989504K), 0.0282410 secs]
[GC 226035K->21238K(3989504K), 0.0116860 secs]
[GC 226038K->21261K(3989504K), 0.0265040 secs]
[GC 226061K->21227K(3989504K), 0.0169800 secs]
[GC 226027K->21249K(3989504K), 0.0220600 secs]
[GC 226049K->21252K(3989504K), 0.0302130 secs]
[GC 226052K->21242K(3989504K), 0.0110120 secs]
[GC 226042K->21243K(3989504K), 0.0169300 secs]
[GC 226043K->21259K(3989504K), 0.0145470 secs]
[GC 226059K->21259K(3989504K), 0.0123520 secs]
[GC 226059K->21246K(3989504K), 0.0281440 secs]
[GC 226046K->21210K(3989504K), 0.0158520 secs]
[GC 226010K->21202K(3989504K), 0.0297020 secs]
[GC 226002K->21202K(3989504K), 0.0176910 secs]
[GC 226002K->21202K(3989504K), 0.0139870 secs]
[GC 226002K->21202K(3989504K), 0.0107110 secs]
[GC 226002K->21200K(3989504K), 0.0269790 secs]
[GC 226000K->21202K(3989504K), 0.0165170 secs]
[GC 226002K->21202K(3989504K), 0.0167730 secs]
[GC 226002K->21206K(3989504K), 0.0134970 secs]
[GC 226006K->21198K(3989504K), 0.0164520 secs]
[GC 225998K->21204K(3989504K), 0.0292250 secs]
[GC 226004K->21202K(3989504K), 0.0105830 secs]
[GC 226002K->21200K(3989504K), 0.0106210 secs]
[GC 226000K->21208K(3989504K), 0.0164230 secs]
[GC 226008K->21204K(3989504K), 0.0188790 secs]
[GC 226004K->21204K(3989504K), 0.0280700 secs]
[GC 226004K->21200K(3989504K), 0.0232830 secs]
[GC 226000K->21204K(3989504K), 0.0212690 secs]
[GC 226004K->21204K(3989504K), 0.0165080 secs]
[GC 226004K->21202K(3989504K), 0.0178120 secs]
[GC 226002K->21204K(3989504K), 0.0168710 secs]
[GC 226004K->21200K(3989504K), 0.0167080 secs]
[GC 226000K->21198K(3989504K), 0.0167300 secs]
[GC 225998K->21202K(3989504K), 0.0109010 secs]
[GC 226002K->21200K(3989504K), 0.0184380 secs]
[GC 226000K->21200K(3989504K), 0.0107370 secs]
[GC 226000K->21204K(3989504K), 0.0170000 secs]
[GC 226004K->21204K(3989504K), 0.0108480 secs]
[GC 226004K->21204K(3989504K), 0.0166580 secs]
[GC 226004K->21208K(3989504K), 0.0242680 secs]
[GC 226008K->21204K(3989504K), 0.0150920 secs]
[GC 226004K->21206K(3989504K), 0.0106070 secs]
[GC 226006K->21202K(3989504K), 0.0112040 secs]
[GC 226002K->21208K(3989504K), 0.0290330 secs]
[GC 226008K->21202K(3989504K), 0.0287500 secs]
[GC 226002K->21208K(3989504K), 0.0177910 secs]
[GC 226008K->21204K(3989504K), 0.0166150 secs]
[GC 226004K->21204K(3989504K), 0.0113940 secs]
[GC 226004K->21208K(3989504K), 0.0155150 secs]
[GC 226008K->21208K(3989504K), 0.0112470 secs]
[GC 226008K->21210K(3989504K), 0.0170890 secs]
[GC 226010K->21205K(3989504K), 0.0149360 secs]
[GC 226005K->21203K(3989504K), 0.0292780 secs]
[GC 226003K->21207K(3989504K), 0.0211250 secs]
[GC 226007K->21205K(3989504K), 0.0266460 secs]
[GC 226005K->21205K(3989504K), 0.0284480 secs]
[GC 226005K->21201K(3989504K), 0.0167550 secs]
[GC 226001K->21199K(3989504K), 0.0284790 secs]
[GC 225999K->21205K(3989504K), 0.0306580 secs]
[GC 226005K->21205K(3989504K), 0.0351000 secs]
[GC 226005K->21207K(3989504K), 0.0180270 secs]
[GC 226007K->21203K(3989504K), 0.0274250 secs]
[GC 226003K->21209K(3989504K), 0.0290240 secs]
[GC 226009K->21203K(3989504K), 0.0116400 secs]
[GC 226003K->21209K(3989504K), 0.0186410 secs]
[GC 226009K->21203K(3989504K), 0.0105560 secs]
[GC 226003K->21203K(3989504K), 0.0284650 secs]
[GC 226003K->21205K(3989504K), 0.0284600 secs]
[GC 226005K->21205K(3989504K), 0.0341700 secs]
[GC 226005K->21207K(3989504K), 0.0173950 secs]
[GC 226007K->21203K(3989504K), 0.0107420 secs]
[GC 226003K->21203K(3989504K), 0.0179200 secs]
[GC 226003K->21203K(3989504K), 0.0283450 secs]
[GC 226003K->21203K(3989504K), 0.0282090 secs]
[GC 226003K->21205K(3989504K), 0.0224460 secs]
[GC 226005K->21203K(3989504K), 0.0167200 secs]
[GC 226003K->21203K(3989504K), 0.0143230 secs]
一月 31, 2016 2:44:13 下午 org.springframework.context.support.AbstractApplicationContext prepareRefresh
信息: Refreshing org.springframework.context.support.ClassPathXmlApplicationContext@258361f6: startup date [Sun Jan 31 14:44:13 CST 2016]; root of context hierarchy
一月 31, 2016 2:44:13 下午 org.springframework.beans.factory.xml.XmlBeanDefinitionReader loadBeanDefinitions
信息: Loading XML bean definitions from class path resource [applicationContext.xml]
一月 31, 2016 2:44:14 下午 org.springframework.beans.factory.xml.XmlBeanDefinitionReader loadBeanDefinitions
信息: Loading XML bean definitions from class path resource [application-scheduling.xml]
一月 31, 2016 2:44:14 下午 org.springframework.core.io.support.PropertiesLoaderSupport loadProperties
信息: Loading properties file from class path resource [jdbc.properties]
[GC 204800K->14944K(3989504K), 0.0250920 secs]
一月 31, 2016 2:44:17 下午 com.mongodb.diagnostics.logging.SLF4JLogger info
信息: Cluster created with settings {hosts=[192.168.1.11:8000], mode=SINGLE, requiredClusterType=UNKNOWN, serverSelectionTimeout='30000 ms', maxWaitQueueSize=500}
一月 31, 2016 2:44:17 下午 com.mongodb.diagnostics.logging.SLF4JLogger info
信息: Opened connection [connectionId{localValue:1, serverValue:2783}] to 192.168.1.11:8000
一月 31, 2016 2:44:17 下午 com.mongodb.diagnostics.logging.SLF4JLogger info
信息: Monitor thread successfully connected to server with description ServerDescription{address=192.168.1.11:8000, type=STANDALONE, state=CONNECTED, ok=true, version=ServerVersion{versionList=[3, 0, 1]}, minWireVersion=0, maxWireVersion=3, maxDocumentSize=16777216, roundTripTimeNanos=946279}
一月 31, 2016 2:44:17 下午 org.springframework.scheduling.quartz.SchedulerAccessor <init>
信息: Spring's Quartz 1.x support is deprecated - please upgrade to Quartz 2.0+
一月 31, 2016 2:44:17 下午 org.quartz.impl.StdSchedulerFactory instantiate
信息: Using default implementation for ThreadExecutor
一月 31, 2016 2:44:17 下午 org.quartz.core.SchedulerSignalerImpl <init>
信息: Initialized Scheduler Signaller of type: class org.quartz.core.SchedulerSignalerImpl
一月 31, 2016 2:44:17 下午 org.quartz.core.QuartzScheduler <init>
信息: Quartz Scheduler v.1.8.6 created.
一月 31, 2016 2:44:17 下午 org.quartz.simpl.RAMJobStore initialize
信息: RAMJobStore initialized.
一月 31, 2016 2:44:17 下午 org.quartz.core.QuartzScheduler initialize
信息: Scheduler meta-data: Quartz Scheduler (v1.8.6) 'taskScheduler' with instanceId 'NON_CLUSTERED'
  Scheduler class: 'org.quartz.core.QuartzScheduler' - running locally.
  NOT STARTED.
  Currently in standby mode.
  Number of jobs executed: 0
  Using thread pool 'org.quartz.simpl.SimpleThreadPool' - with 10 threads.
  Using job-store 'org.quartz.simpl.RAMJobStore' - which does not support persistence. and is not clustered.

一月 31, 2016 2:44:17 下午 org.quartz.impl.StdSchedulerFactory instantiate
信息: Quartz scheduler 'taskScheduler' initialized from an externally provided properties instance.
一月 31, 2016 2:44:17 下午 org.quartz.impl.StdSchedulerFactory instantiate
信息: Quartz scheduler version: 1.8.6
一月 31, 2016 2:44:17 下午 org.quartz.core.QuartzScheduler setJobFactory
信息: JobFactory set to: org.springframework.scheduling.quartz.AdaptableJobFactory@6c7546d9
一月 31, 2016 2:44:17 下午 org.springframework.context.support.DefaultLifecycleProcessor$LifecycleGroup start
信息: Starting beans in phase 2147483647
一月 31, 2016 2:44:17 下午 org.springframework.scheduling.quartz.SchedulerFactoryBean startScheduler
信息: Starting Quartz Scheduler now
一月 31, 2016 2:44:17 下午 org.quartz.core.QuartzScheduler start
信息: Scheduler taskScheduler_$_NON_CLUSTERED started.
[GC 219744K->22693K(3989504K), 0.0295180 secs]
[GC 227493K->21477K(3989504K), 0.0303450 secs]
一月 31, 2016 2:44:19 下午 com.mongodb.diagnostics.logging.SLF4JLogger info
信息: Opened connection [connectionId{localValue:2, serverValue:2784}] to 192.168.1.11:8000
账号服务器链接..成功！
一月 31, 2016 2:44:19 下午 org.mortbay.log.Slf4jLog info
信息: Logging to org.slf4j.impl.JDK14LoggerAdapter(org.mortbay.log) via org.mortbay.log.Slf4jLog
一月 31, 2016 2:44:19 下午 org.mortbay.log.Slf4jLog info
信息: jetty-6.1.26
一月 31, 2016 2:44:19 下午 org.mortbay.log.Slf4jLog info
信息: Started SelectChannelConnector@0.0.0.0:6660
游戏世界服务器启动...
login time:6秒
收到数据：Type:1 SubType:3, UTF-8:CN, UTF-8:dandandao, int:1500
load str2value.properties ...
收到数据：Type:1 SubType:10, int:1, UTF-8:192.168.1.80
收到数据：Type:2 SubType:2, UTF-8:abc1, UTF-8:123456, UTF-8:1.0.0.0, int:0, UTF-8:htc, UTF-8:Andro, UTF-8:1.0.0.1
收到数据：Type:1 SubType:8, int:116, UTF-8:abc1, UTF-8:12, int:0, int:0, int:0
收到数据：Type:2 SubType:8, UTF-8:abc1, int:1, UTF-8:--, UTF-8:--, UTF-8:--
收到数据：Type:6 SubType:5, int array num:1 data: 5
收到数据：Type:15 SubType:1
一月 31, 2016 2:47:28 下午 com.mongodb.diagnostics.logging.SLF4JLogger info
信息: Opened connection [connectionId{localValue:3, serverValue:2785}] to 192.168.1.11:8000
收到数据：Type:1 SubType:9, int:1
1=--closed----------
